/\(a :: *) -> \(x : a) -> \(xs : fix list. \(a :: *) -> all (r :: *). r -> (a -> list a -> r) -> r) -> wrap list ((\(a :: *) -> all (r :: *). r -> (a -> list a -> r) -> r) a) (/\(r :: *) -> \(z : r) -> \(f : a -> list a -> r) -> f x xs)