/\(a :: *) -> /\(r :: *) -> \(f : r -> a -> r) -> (/\(a :: *) -> /\(b :: *) -> \(f : (a -> b) -> a -> b) -> (/\(a :: *) -> \(s : (\(a :: *) -> fix self. self -> a) a) -> unwrap s s) {a -> b} (wrap self ((\(a :: *) -> self -> a) (a -> b)) (\(s : (\(a :: *) -> fix self. self -> a) (a -> b)) -> \(x : a) -> f ((/\(a :: *) -> \(s : (\(a :: *) -> fix self. self -> a) a) -> unwrap s s) {a -> b} s) x))) {r} {(fix list. \(a :: *) -> all (r :: *). r -> (a -> list a -> r) -> r) a -> r} (\(rec : r -> (fix list. \(a :: *) -> all (r :: *). r -> (a -> list a -> r) -> r) a -> r) -> \(z : r) -> \(xs : (fix list. \(a :: *) -> all (r :: *). r -> (a -> list a -> r) -> r) a) -> unwrap xs {r} z (\(x : a) -> \(xs' : (fix list. \(a :: *) -> all (r :: *). r -> (a -> list a -> r) -> r) a) -> rec (f z x) xs'))