/\(a :: *) -> wrap list ((\(a :: *) -> all (r :: *). r -> (a -> list a -> r) -> r) a) (/\(r :: *) -> \(z : r) -> \(f : a -> list a -> r) -> z)