(abs
  Bool_matchOut_159
  (type)
  (lam True_160 Bool_matchOut_159 (lam False_161 Bool_matchOut_159 False_161))
)