(abs
  Bool_matchOut_146
  (type)
  (lam True_147 Bool_matchOut_146 (lam False_148 Bool_matchOut_146 True_147))
)