(program 1.0.0
  [
    [
      {
        (abs
          bad_name_82
          (fun (type) (fun (type) (type)))
          (lam
            bad_name_83
            (all a_84 (type) (all b_85 (type) (fun a_84 (fun b_85 [[bad_name_82 a_84] b_85]))))
            (lam
              p_match_86
              (all a_87 (type) (all b_88 (type) (fun [[bad_name_82 a_87] b_88] (all out_bad_name_89 (type) (fun (fun a_87 (fun b_88 out_bad_name_89)) out_bad_name_89)))))
              (lam
                ds_90
                [[bad_name_82 [(con integer) (con 64)]] [(con integer) (con 64)]]
                [
                  {
                    [
                      {
                        { p_match_86 [(con integer) (con 64)] }
                        [(con integer) (con 64)]
                      }
                      ds_90
                    ]
                    [(con integer) (con 64)]
                  }
                  (lam
                    a_91
                    [(con integer) (con 64)]
                    (lam b_92 [(con integer) (con 64)] a_91)
                  )
                ]
              )
            )
          )
        )
        (lam a_93 (type) (lam b_94 (type) (all out_bad_name_95 (type) (fun (fun a_93 (fun b_94 out_bad_name_95)) out_bad_name_95))))
      }
      (abs
        a_96
        (type)
        (abs
          b_97
          (type)
          (lam
            arg_0_98
            a_96
            (lam
              arg_1_99
              b_97
              (abs
                out_bad_name_100
                (type)
                (lam
                  case_bad_name_101
                  (fun a_96 (fun b_97 out_bad_name_100))
                  [ [ case_bad_name_101 arg_0_98 ] arg_1_99 ]
                )
              )
            )
          )
        )
      )
    ]
    (abs
      a_102
      (type)
      (abs
        b_103
        (type)
        (lam
          x_104
          [[(lam a_105 (type) (lam b_106 (type) (all out_bad_name_107 (type) (fun (fun a_105 (fun b_106 out_bad_name_107)) out_bad_name_107)))) a_102] b_103]
          x_104
        )
      )
    )
  ]
)