(program 1.0.0
  [
    [
      {
        (abs
          bad_name_109
          (fun (type) (fun (type) (type)))
          (lam
            bad_name_110
            (all a_111 (type) (all b_112 (type) (fun a_111 (fun b_112 [[bad_name_109 a_111] b_112]))))
            (lam
              p_match_113
              (all a_114 (type) (all b_115 (type) (fun [[bad_name_109 a_114] b_115] (all out_bad_name_116 (type) (fun (fun a_114 (fun b_115 out_bad_name_116)) out_bad_name_116)))))
              [
                [
                  [
                    {
                      (abs
                        B_117
                        (fun (type) (type))
                        (lam
                          One_118
                          (all a_119 (type) (fun a_119 [B_117 a_119]))
                          (lam
                            Two_120
                            (all a_121 (type) (fun [B_117 [[bad_name_109 a_121] a_121]] [B_117 a_121]))
                            (lam
                              B_match_122
                              (all a_123 (type) (fun [B_117 a_123] (all out_B_124 (type) (fun (fun a_123 out_B_124) (fun (fun [B_117 [[bad_name_109 a_123] a_123]] out_B_124) out_B_124)))))
                              [
                                {
                                  Two_120 [(con integer) (con 64)]
                                }
                                [
                                  {
                                    Two_120
                                    [[bad_name_109 [(con integer) (con 64)]] [(con integer) (con 64)]]
                                  }
                                  [
                                    {
                                      One_118
                                      [[bad_name_109 [[bad_name_109 [(con integer) (con 64)]] [(con integer) (con 64)]]] [[bad_name_109 [(con integer) (con 64)]] [(con integer) (con 64)]]]
                                    }
                                    [
                                      [
                                        {
                                          {
                                            bad_name_110
                                            [[bad_name_109 [(con integer) (con 64)]] [(con integer) (con 64)]]
                                          }
                                          [[bad_name_109 [(con integer) (con 64)]] [(con integer) (con 64)]]
                                        }
                                        [
                                          [
                                            {
                                              {
                                                bad_name_110
                                                [(con integer) (con 64)]
                                              }
                                              [(con integer) (con 64)]
                                            }
                                            (con 64 ! 1)
                                          ]
                                          (con 64 ! 2)
                                        ]
                                      ]
                                      [
                                        [
                                          {
                                            {
                                              bad_name_110
                                              [(con integer) (con 64)]
                                            }
                                            [(con integer) (con 64)]
                                          }
                                          (con 64 ! 3)
                                        ]
                                        (con 64 ! 4)
                                      ]
                                    ]
                                  ]
                                ]
                              ]
                            )
                          )
                        )
                      )
                      [[(lam withSpine_125 (fun (fun (fun (fun (type) (type)) (type)) (type)) (fun (type) (type))) (lam pat_126 (fun (fun (type) (type)) (fun (type) (type))) [withSpine_125 (lam spine_127 (fun (fun (type) (type)) (type)) (fix [[(lam withSpine_128 (fun (fun (fun (fun (type) (type)) (type)) (type)) (fun (type) (type))) (lam pat_129 (fun (fun (type) (type)) (fun (type) (type))) (lam b_130 (fun (fun (fun (type) (type)) (type)) (type)) (lam p_131 (fun (fun (type) (type)) (type)) [p_131 [pat_129 [withSpine_128 b_130]]])))) withSpine_125] pat_126] spine_127))])) (lam k_132 (fun (fun (fun (type) (type)) (type)) (type)) (lam a_133 (type) [k_132 (lam r_134 (fun (type) (type)) [r_134 a_133])]))] (lam B_135 (fun (type) (type)) (lam a_136 (type) (all out_B_137 (type) (fun (fun a_136 out_B_137) (fun (fun [B_135 [[bad_name_109 a_136] a_136]] out_B_137) out_B_137)))))]
                    }
                    (abs
                      a_138
                      (type)
                      (lam
                        arg_0_139
                        a_138
                        (iwrap
                          [[(lam withSpine_140 (fun (fun (fun (fun (type) (type)) (type)) (type)) (fun (type) (type))) (lam pat_141 (fun (fun (type) (type)) (fun (type) (type))) (lam b_142 (fun (fun (fun (type) (type)) (type)) (type)) (lam p_143 (fun (fun (type) (type)) (type)) [p_143 [pat_141 [withSpine_140 b_142]]])))) (lam k_144 (fun (fun (fun (type) (type)) (type)) (type)) (lam a_145 (type) [k_144 (lam r_146 (fun (type) (type)) [r_146 a_145])]))] (lam B_147 (fun (type) (type)) (lam a_148 (type) (all out_B_149 (type) (fun (fun a_148 out_B_149) (fun (fun [B_147 [[bad_name_109 a_148] a_148]] out_B_149) out_B_149)))))]
                          (lam r_150 (fun (type) (type)) [r_150 a_138])
                          (abs
                            out_B_151
                            (type)
                            (lam
                              case_One_152
                              (fun a_138 out_B_151)
                              (lam
                                case_Two_153
                                (fun [[[(lam withSpine_154 (fun (fun (fun (fun (type) (type)) (type)) (type)) (fun (type) (type))) (lam pat_155 (fun (fun (type) (type)) (fun (type) (type))) [withSpine_154 (lam spine_156 (fun (fun (type) (type)) (type)) (fix [[(lam withSpine_157 (fun (fun (fun (fun (type) (type)) (type)) (type)) (fun (type) (type))) (lam pat_158 (fun (fun (type) (type)) (fun (type) (type))) (lam b_159 (fun (fun (fun (type) (type)) (type)) (type)) (lam p_160 (fun (fun (type) (type)) (type)) [p_160 [pat_158 [withSpine_157 b_159]]])))) withSpine_154] pat_155] spine_156))])) (lam k_161 (fun (fun (fun (type) (type)) (type)) (type)) (lam a_162 (type) [k_161 (lam r_163 (fun (type) (type)) [r_163 a_162])]))] (lam B_164 (fun (type) (type)) (lam a_165 (type) (all out_B_166 (type) (fun (fun a_165 out_B_166) (fun (fun [B_164 [[bad_name_109 a_165] a_165]] out_B_166) out_B_166)))))] [[bad_name_109 a_138] a_138]] out_B_151)
                                [ case_One_152 arg_0_139 ]
                              )
                            )
                          )
                        )
                      )
                    )
                  ]
                  (abs
                    a_167
                    (type)
                    (lam
                      arg_0_168
                      [[[(lam withSpine_169 (fun (fun (fun (fun (type) (type)) (type)) (type)) (fun (type) (type))) (lam pat_170 (fun (fun (type) (type)) (fun (type) (type))) [withSpine_169 (lam spine_171 (fun (fun (type) (type)) (type)) (fix [[(lam withSpine_172 (fun (fun (fun (fun (type) (type)) (type)) (type)) (fun (type) (type))) (lam pat_173 (fun (fun (type) (type)) (fun (type) (type))) (lam b_174 (fun (fun (fun (type) (type)) (type)) (type)) (lam p_175 (fun (fun (type) (type)) (type)) [p_175 [pat_173 [withSpine_172 b_174]]])))) withSpine_169] pat_170] spine_171))])) (lam k_176 (fun (fun (fun (type) (type)) (type)) (type)) (lam a_177 (type) [k_176 (lam r_178 (fun (type) (type)) [r_178 a_177])]))] (lam B_179 (fun (type) (type)) (lam a_180 (type) (all out_B_181 (type) (fun (fun a_180 out_B_181) (fun (fun [B_179 [[bad_name_109 a_180] a_180]] out_B_181) out_B_181)))))] [[bad_name_109 a_167] a_167]]
                      (iwrap
                        [[(lam withSpine_182 (fun (fun (fun (fun (type) (type)) (type)) (type)) (fun (type) (type))) (lam pat_183 (fun (fun (type) (type)) (fun (type) (type))) (lam b_184 (fun (fun (fun (type) (type)) (type)) (type)) (lam p_185 (fun (fun (type) (type)) (type)) [p_185 [pat_183 [withSpine_182 b_184]]])))) (lam k_186 (fun (fun (fun (type) (type)) (type)) (type)) (lam a_187 (type) [k_186 (lam r_188 (fun (type) (type)) [r_188 a_187])]))] (lam B_189 (fun (type) (type)) (lam a_190 (type) (all out_B_191 (type) (fun (fun a_190 out_B_191) (fun (fun [B_189 [[bad_name_109 a_190] a_190]] out_B_191) out_B_191)))))]
                        (lam r_192 (fun (type) (type)) [r_192 a_167])
                        (abs
                          out_B_193
                          (type)
                          (lam
                            case_One_194
                            (fun a_167 out_B_193)
                            (lam
                              case_Two_195
                              (fun [[[(lam withSpine_196 (fun (fun (fun (fun (type) (type)) (type)) (type)) (fun (type) (type))) (lam pat_197 (fun (fun (type) (type)) (fun (type) (type))) [withSpine_196 (lam spine_198 (fun (fun (type) (type)) (type)) (fix [[(lam withSpine_199 (fun (fun (fun (fun (type) (type)) (type)) (type)) (fun (type) (type))) (lam pat_200 (fun (fun (type) (type)) (fun (type) (type))) (lam b_201 (fun (fun (fun (type) (type)) (type)) (type)) (lam p_202 (fun (fun (type) (type)) (type)) [p_202 [pat_200 [withSpine_199 b_201]]])))) withSpine_196] pat_197] spine_198))])) (lam k_203 (fun (fun (fun (type) (type)) (type)) (type)) (lam a_204 (type) [k_203 (lam r_205 (fun (type) (type)) [r_205 a_204])]))] (lam B_206 (fun (type) (type)) (lam a_207 (type) (all out_B_208 (type) (fun (fun a_207 out_B_208) (fun (fun [B_206 [[bad_name_109 a_207] a_207]] out_B_208) out_B_208)))))] [[bad_name_109 a_167] a_167]] out_B_193)
                              [ case_Two_195 arg_0_168 ]
                            )
                          )
                        )
                      )
                    )
                  )
                ]
                (abs
                  a_209
                  (type)
                  (lam
                    x_210
                    [[[(lam withSpine_211 (fun (fun (fun (fun (type) (type)) (type)) (type)) (fun (type) (type))) (lam pat_212 (fun (fun (type) (type)) (fun (type) (type))) [withSpine_211 (lam spine_213 (fun (fun (type) (type)) (type)) (fix [[(lam withSpine_214 (fun (fun (fun (fun (type) (type)) (type)) (type)) (fun (type) (type))) (lam pat_215 (fun (fun (type) (type)) (fun (type) (type))) (lam b_216 (fun (fun (fun (type) (type)) (type)) (type)) (lam p_217 (fun (fun (type) (type)) (type)) [p_217 [pat_215 [withSpine_214 b_216]]])))) withSpine_211] pat_212] spine_213))])) (lam k_218 (fun (fun (fun (type) (type)) (type)) (type)) (lam a_219 (type) [k_218 (lam r_220 (fun (type) (type)) [r_220 a_219])]))] (lam B_221 (fun (type) (type)) (lam a_222 (type) (all out_B_223 (type) (fun (fun a_222 out_B_223) (fun (fun [B_221 [[bad_name_109 a_222] a_222]] out_B_223) out_B_223)))))] a_209]
                    (unwrap x_210)
                  )
                )
              ]
            )
          )
        )
        (lam a_224 (type) (lam b_225 (type) (all out_bad_name_226 (type) (fun (fun a_224 (fun b_225 out_bad_name_226)) out_bad_name_226))))
      }
      (abs
        a_227
        (type)
        (abs
          b_228
          (type)
          (lam
            arg_0_229
            a_227
            (lam
              arg_1_230
              b_228
              (abs
                out_bad_name_231
                (type)
                (lam
                  case_bad_name_232
                  (fun a_227 (fun b_228 out_bad_name_231))
                  [ [ case_bad_name_232 arg_0_229 ] arg_1_230 ]
                )
              )
            )
          )
        )
      )
    ]
    (abs
      a_233
      (type)
      (abs
        b_234
        (type)
        (lam
          x_235
          [[(lam a_236 (type) (lam b_237 (type) (all out_bad_name_238 (type) (fun (fun a_236 (fun b_237 out_bad_name_238)) out_bad_name_238)))) a_233] b_234]
          x_235
        )
      )
    )
  ]
)