(program
  (let
    (nonrec
    )
    (termbind (vardecl emptyString (con string)) (con ))
    (let
      (nonrec
      )
      (termbind
        (vardecl appendString (fun (con string) (fun (con string) (con string)))
        )
        (builtin append)
      )
      (let
        (nonrec
        )
        (datatypebind
          (datatype (tyvardecl Unit (type))  Unit_match (vardecl Unit Unit))
        )
        (let
          (nonrec
          )
          (termbind
            (vardecl trace (fun (con string) Unit))
            (lam
              arg
              (con string)
              [ (lam b (all a (type) (fun a a)) Unit) [ (builtin trace) arg ] ]
            )
          )
          (let
            (rec
            )
            (datatypebind
              (datatype
                (tyvardecl List (fun (type) (type)))
                (tyvardecl a (type))
                Nil_match
                (vardecl Nil [List a])
                (vardecl Cons (fun a (fun [List a] [List a])))
              )
            )
            (let
              (nonrec
              )
              (termbind
                (vardecl
                  addInteger
                  (fun (con integer) (fun (con integer) (con integer)))
                )
                (builtin addInteger)
              )
              (let
                (nonrec
                )
                (termbind
                  (vardecl
                    plus (fun (con integer) (fun (con integer) (con integer)))
                  )
                  addInteger
                )
                (let
                  (nonrec
                  )
                  (termbind
                    (vardecl charToString (fun (con integer) (con string)))
                    (builtin charToString)
                  )
                  (let
                    (rec
                    )
                    (termbind
                      (vardecl
                        toPlutusString (fun [List (con integer)] (con string))
                      )
                      (lam
                        str
                        [List (con integer)]
                        [
                          [
                            { [ { Nil_match (con integer) } str ] (con string) }
                            emptyString
                          ]
                          (lam
                            c
                            (con integer)
                            (lam
                              rest
                              [List (con integer)]
                              [
                                [ appendString [ charToString c ] ]
                                [ toPlutusString rest ]
                              ]
                            )
                          )
                        ]
                      )
                    )
                    (let
                      (nonrec
                      )
                      (termbind
                        (vardecl
                          traceH
                          (all a (type) (fun [List (con integer)] (fun a a)))
                        )
                        (abs
                          a
                          (type)
                          (lam
                            str
                            [List (con integer)]
                            (lam
                              a1
                              a
                              [
                                {
                                  [
                                    Unit_match [ trace [ toPlutusString str ] ]
                                  ]
                                  a
                                }
                                a1
                              ]
                            )
                          )
                        )
                      )
                      [
                        [
                          { traceH (con integer) }
                          [
                            [ { Cons (con integer) } (con 65) ]
                            [
                              [ { Cons (con integer) } (con 100) ]
                              [
                                [ { Cons (con integer) } (con 100) ]
                                [
                                  [ { Cons (con integer) } (con 105) ]
                                  [
                                    [ { Cons (con integer) } (con 110) ]
                                    [
                                      [ { Cons (con integer) } (con 103) ]
                                      [
                                        [ { Cons (con integer) } (con 32) ]
                                        [
                                          [ { Cons (con integer) } (con 116) ]
                                          [
                                            [ { Cons (con integer) } (con 104) ]
                                            [
                                              [
                                                { Cons (con integer) } (con 101)
                                              ]
                                              [
                                                [
                                                  { Cons (con integer) }
                                                  (con 109)
                                                ]
                                                [
                                                  [
                                                    { Cons (con integer) }
                                                    (con 32)
                                                  ]
                                                  [
                                                    [
                                                      { Cons (con integer) }
                                                      (con 117)
                                                    ]
                                                    [
                                                      [
                                                        { Cons (con integer) }
                                                        (con 112)
                                                      ]
                                                      { Nil (con integer) }
                                                    ]
                                                  ]
                                                ]
                                              ]
                                            ]
                                          ]
                                        ]
                                      ]
                                    ]
                                  ]
                                ]
                              ]
                            ]
                          ]
                        ]
                        [
                          [
                            plus
                            [
                              [
                                {
                                  traceH (con integer)
                                }
                                [
                                  [
                                    { Cons (con integer) } (con 77)
                                  ]
                                  [
                                    [
                                      { Cons (con integer) } (con 97)
                                    ]
                                    [
                                      [
                                        { Cons (con integer) } (con 107)
                                      ]
                                      [
                                        [
                                          { Cons (con integer) } (con 105)
                                        ]
                                        [
                                          [
                                            { Cons (con integer) } (con 110)
                                          ]
                                          [
                                            [
                                              { Cons (con integer) } (con 103)
                                            ]
                                            [
                                              [
                                                { Cons (con integer) } (con 32)
                                              ]
                                              [
                                                [
                                                  { Cons (con integer) }
                                                  (con 109)
                                                ]
                                                [
                                                  [
                                                    { Cons (con integer) }
                                                    (con 121)
                                                  ]
                                                  [
                                                    [
                                                      { Cons (con integer) }
                                                      (con 32)
                                                    ]
                                                    [
                                                      [
                                                        { Cons (con integer) }
                                                        (con 102)
                                                      ]
                                                      [
                                                        [
                                                          { Cons (con integer) }
                                                          (con 105)
                                                        ]
                                                        [
                                                          [
                                                            {
                                                              Cons (con integer)
                                                            }
                                                            (con 114)
                                                          ]
                                                          [
                                                            [
                                                              {
                                                                Cons
                                                                (con integer)
                                                              }
                                                              (con 115)
                                                            ]
                                                            [
                                                              [
                                                                {
                                                                  Cons
                                                                  (con integer)
                                                                }
                                                                (con 116)
                                                              ]
                                                              [
                                                                [
                                                                  {
                                                                    Cons
                                                                    (con integer)
                                                                  }
                                                                  (con 32)
                                                                ]
                                                                [
                                                                  [
                                                                    {
                                                                      Cons
                                                                      (con integer)
                                                                    }
                                                                    (con 105)
                                                                  ]
                                                                  [
                                                                    [
                                                                      {
                                                                        Cons
                                                                        (con integer)
                                                                      }
                                                                      (con 110)
                                                                    ]
                                                                    [
                                                                      [
                                                                        {
                                                                          Cons
                                                                          (con integer)
                                                                        }
                                                                        (con 116
                                                                        )
                                                                      ]
                                                                      {
                                                                        Nil
                                                                        (con integer)
                                                                      }
                                                                    ]
                                                                  ]
                                                                ]
                                                              ]
                                                            ]
                                                          ]
                                                        ]
                                                      ]
                                                    ]
                                                  ]
                                                ]
                                              ]
                                            ]
                                          ]
                                        ]
                                      ]
                                    ]
                                  ]
                                ]
                              ]
                              (con 1)
                            ]
                          ]
                          [
                            [
                              {
                                traceH (con integer)
                              }
                              [
                                [
                                  { Cons (con integer) } (con 77)
                                ]
                                [
                                  [
                                    { Cons (con integer) } (con 97)
                                  ]
                                  [
                                    [
                                      { Cons (con integer) } (con 107)
                                    ]
                                    [
                                      [
                                        { Cons (con integer) } (con 105)
                                      ]
                                      [
                                        [
                                          { Cons (con integer) } (con 110)
                                        ]
                                        [
                                          [
                                            { Cons (con integer) } (con 103)
                                          ]
                                          [
                                            [
                                              { Cons (con integer) } (con 32)
                                            ]
                                            [
                                              [
                                                { Cons (con integer) } (con 109)
                                              ]
                                              [
                                                [
                                                  { Cons (con integer) }
                                                  (con 121)
                                                ]
                                                [
                                                  [
                                                    { Cons (con integer) }
                                                    (con 32)
                                                  ]
                                                  [
                                                    [
                                                      { Cons (con integer) }
                                                      (con 115)
                                                    ]
                                                    [
                                                      [
                                                        { Cons (con integer) }
                                                        (con 101)
                                                      ]
                                                      [
                                                        [
                                                          { Cons (con integer) }
                                                          (con 99)
                                                        ]
                                                        [
                                                          [
                                                            {
                                                              Cons (con integer)
                                                            }
                                                            (con 111)
                                                          ]
                                                          [
                                                            [
                                                              {
                                                                Cons
                                                                (con integer)
                                                              }
                                                              (con 110)
                                                            ]
                                                            [
                                                              [
                                                                {
                                                                  Cons
                                                                  (con integer)
                                                                }
                                                                (con 100)
                                                              ]
                                                              [
                                                                [
                                                                  {
                                                                    Cons
                                                                    (con integer)
                                                                  }
                                                                  (con 32)
                                                                ]
                                                                [
                                                                  [
                                                                    {
                                                                      Cons
                                                                      (con integer)
                                                                    }
                                                                    (con 105)
                                                                  ]
                                                                  [
                                                                    [
                                                                      {
                                                                        Cons
                                                                        (con integer)
                                                                      }
                                                                      (con 110)
                                                                    ]
                                                                    [
                                                                      [
                                                                        {
                                                                          Cons
                                                                          (con integer)
                                                                        }
                                                                        (con 116
                                                                        )
                                                                      ]
                                                                      {
                                                                        Nil
                                                                        (con integer)
                                                                      }
                                                                    ]
                                                                  ]
                                                                ]
                                                              ]
                                                            ]
                                                          ]
                                                        ]
                                                      ]
                                                    ]
                                                  ]
                                                ]
                                              ]
                                            ]
                                          ]
                                        ]
                                      ]
                                    ]
                                  ]
                                ]
                              ]
                            ]
                            (con 2)
                          ]
                        ]
                      ]
                    )
                  )
                )
              )
            )
          )
        )
      )
    )
  )
)