(abs
  Bool_matchOut_271
  (type)
  (lam True_272 Bool_matchOut_271 (lam False_273 Bool_matchOut_271 True_272))
)