(program 1.0.0
  [
    [
      {
        (abs
          unit_192
          (type)
          (lam
            unit_193
            unit_192
            (lam
              p_match_194
              (fun unit_192 (all out_unit_195 (type) (fun out_unit_195 out_unit_195)))
              [
                (lam
                  subtractInteger_196
                  (fun [(con integer) (con 64)] (fun [(con integer) (con 64)] [(con integer) (con 64)]))
                  [
                    [
                      [
                        {
                          (abs
                            Bool_197
                            (type)
                            (lam
                              True_198
                              Bool_197
                              (lam
                                False_199
                                Bool_197
                                (lam
                                  Bool_match_200
                                  (fun Bool_197 (all out_Bool_201 (type) (fun out_Bool_201 (fun out_Bool_201 out_Bool_201))))
                                  [
                                    (lam
                                      equalsInteger_202
                                      (fun [(con integer) (con 64)] (fun [(con integer) (con 64)] Bool_197))
                                      [
                                        (lam
                                          tuple_203
                                          [[(lam t_0_204 (type) (lam t_1_205 (type) (all r_206 (type) (fun (fun t_0_204 (fun t_1_205 r_206)) r_206)))) (fun [(con integer) (con 64)] Bool_197)] (fun [(con integer) (con 64)] Bool_197)]
                                          [
                                            (lam
                                              odd_207
                                              (fun [(con integer) (con 64)] Bool_197)
                                              [
                                                (lam
                                                  even_208
                                                  (fun [(con integer) (con 64)] Bool_197)
                                                  even_208
                                                )
                                                [
                                                  {
                                                    {
                                                      (abs
                                                        t_0_209
                                                        (type)
                                                        (abs
                                                          t_1_210
                                                          (type)
                                                          (lam
                                                            tuple_211
                                                            [[(lam t_0_212 (type) (lam t_1_213 (type) (all r_214 (type) (fun (fun t_0_212 (fun t_1_213 r_214)) r_214)))) t_0_209] t_1_210]
                                                            [
                                                              {
                                                                tuple_211
                                                                t_1_210
                                                              }
                                                              (lam
                                                                arg_0_215
                                                                t_0_209
                                                                (lam
                                                                  arg_1_216
                                                                  t_1_210
                                                                  arg_1_216
                                                                )
                                                              )
                                                            ]
                                                          )
                                                        )
                                                      )
                                                      (fun [(con integer) (con 64)] Bool_197)
                                                    }
                                                    (fun [(con integer) (con 64)] Bool_197)
                                                  }
                                                  tuple_203
                                                ]
                                              ]
                                            )
                                            [
                                              {
                                                {
                                                  (abs
                                                    t_0_217
                                                    (type)
                                                    (abs
                                                      t_1_218
                                                      (type)
                                                      (lam
                                                        tuple_219
                                                        [[(lam t_0_220 (type) (lam t_1_221 (type) (all r_222 (type) (fun (fun t_0_220 (fun t_1_221 r_222)) r_222)))) t_0_217] t_1_218]
                                                        [
                                                          { tuple_219 t_0_217 }
                                                          (lam
                                                            arg_0_223
                                                            t_0_217
                                                            (lam
                                                              arg_1_224
                                                              t_1_218
                                                              arg_0_223
                                                            )
                                                          )
                                                        ]
                                                      )
                                                    )
                                                  )
                                                  (fun [(con integer) (con 64)] Bool_197)
                                                }
                                                (fun [(con integer) (con 64)] Bool_197)
                                              }
                                              tuple_203
                                            ]
                                          ]
                                        )
                                        [
                                          {
                                            {
                                              {
                                                {
                                                  (abs
                                                    a_225
                                                    (type)
                                                    (abs
                                                      b_226
                                                      (type)
                                                      (abs
                                                        a_227
                                                        (type)
                                                        (abs
                                                          b_228
                                                          (type)
                                                          [
                                                            {
                                                              (abs
                                                                F_229
                                                                (fun (type) (type))
                                                                (lam
                                                                  by_230
                                                                  (fun (all Q_231 (type) (fun [F_229 Q_231] Q_231)) (all Q_232 (type) (fun [F_229 Q_232] Q_232)))
                                                                  [
                                                                    {
                                                                      {
                                                                        (abs
                                                                          a_233
                                                                          (type)
                                                                          (abs
                                                                            b_234
                                                                            (type)
                                                                            (lam
                                                                              f_235
                                                                              (fun (fun a_233 b_234) (fun a_233 b_234))
                                                                              [
                                                                                {
                                                                                  (abs
                                                                                    a_236
                                                                                    (type)
                                                                                    (lam
                                                                                      s_237
                                                                                      [(lam a_238 (type) (fix (lam self_239 (fun (type) (type)) (lam a_240 (type) (fun [self_239 a_240] a_240))) a_238)) a_236]
                                                                                      [
                                                                                        (unwrap
                                                                                          s_237
                                                                                        )
                                                                                        s_237
                                                                                      ]
                                                                                    )
                                                                                  )
                                                                                  (fun a_233 b_234)
                                                                                }
                                                                                (iwrap
                                                                                  (lam self_241 (fun (type) (type)) (lam a_242 (type) (fun [self_241 a_242] a_242)))
                                                                                  (fun a_233 b_234)
                                                                                  (lam
                                                                                    s_243
                                                                                    [(lam a_244 (type) (fix (lam self_245 (fun (type) (type)) (lam a_246 (type) (fun [self_245 a_246] a_246))) a_244)) (fun a_233 b_234)]
                                                                                    (lam
                                                                                      x_247
                                                                                      a_233
                                                                                      [
                                                                                        [
                                                                                          f_235
                                                                                          [
                                                                                            {
                                                                                              (abs
                                                                                                a_248
                                                                                                (type)
                                                                                                (lam
                                                                                                  s_249
                                                                                                  [(lam a_250 (type) (fix (lam self_251 (fun (type) (type)) (lam a_252 (type) (fun [self_251 a_252] a_252))) a_250)) a_248]
                                                                                                  [
                                                                                                    (unwrap
                                                                                                      s_249
                                                                                                    )
                                                                                                    s_249
                                                                                                  ]
                                                                                                )
                                                                                              )
                                                                                              (fun a_233 b_234)
                                                                                            }
                                                                                            s_243
                                                                                          ]
                                                                                        ]
                                                                                        x_247
                                                                                      ]
                                                                                    )
                                                                                  )
                                                                                )
                                                                              ]
                                                                            )
                                                                          )
                                                                        )
                                                                        (all Q_253 (type) (fun [F_229 Q_253] [F_229 Q_253]))
                                                                      }
                                                                      (all Q_254 (type) (fun [F_229 Q_254] Q_254))
                                                                    }
                                                                    (lam
                                                                      rec_255
                                                                      (fun (all Q_256 (type) (fun [F_229 Q_256] [F_229 Q_256])) (all Q_257 (type) (fun [F_229 Q_257] Q_257)))
                                                                      (lam
                                                                        h_258
                                                                        (all Q_259 (type) (fun [F_229 Q_259] [F_229 Q_259]))
                                                                        (abs
                                                                          R_260
                                                                          (type)
                                                                          (lam
                                                                            fr_261
                                                                            [F_229 R_260]
                                                                            [
                                                                              {
                                                                                [
                                                                                  by_230
                                                                                  (abs
                                                                                    Q_262
                                                                                    (type)
                                                                                    (lam
                                                                                      fq_263
                                                                                      [F_229 Q_262]
                                                                                      [
                                                                                        {
                                                                                          [
                                                                                            rec_255
                                                                                            h_258
                                                                                          ]
                                                                                          Q_262
                                                                                        }
                                                                                        [
                                                                                          {
                                                                                            h_258
                                                                                            Q_262
                                                                                          }
                                                                                          fq_263
                                                                                        ]
                                                                                      ]
                                                                                    )
                                                                                  )
                                                                                ]
                                                                                R_260
                                                                              }
                                                                              fr_261
                                                                            ]
                                                                          )
                                                                        )
                                                                      )
                                                                    )
                                                                  ]
                                                                )
                                                              )
                                                              (lam X_264 (type) (fun (fun a_225 b_226) (fun (fun a_227 b_228) X_264)))
                                                            }
                                                            (lam
                                                              k_265
                                                              (all Q_266 (type) (fun (fun (fun a_225 b_226) (fun (fun a_227 b_228) Q_266)) Q_266))
                                                              (abs
                                                                S_267
                                                                (type)
                                                                (lam
                                                                  h_268
                                                                  (fun (fun a_225 b_226) (fun (fun a_227 b_228) S_267))
                                                                  [
                                                                    [
                                                                      h_268
                                                                      (lam
                                                                        x_269
                                                                        a_225
                                                                        [
                                                                          {
                                                                            k_265
                                                                            b_226
                                                                          }
                                                                          (lam
                                                                            f_270
                                                                            (fun a_225 b_226)
                                                                            (lam
                                                                              f_271
                                                                              (fun a_227 b_228)
                                                                              [
                                                                                f_270
                                                                                x_269
                                                                              ]
                                                                            )
                                                                          )
                                                                        ]
                                                                      )
                                                                    ]
                                                                    (lam
                                                                      x_272
                                                                      a_227
                                                                      [
                                                                        {
                                                                          k_265
                                                                          b_228
                                                                        }
                                                                        (lam
                                                                          f_273
                                                                          (fun a_225 b_226)
                                                                          (lam
                                                                            f_274
                                                                            (fun a_227 b_228)
                                                                            [
                                                                              f_274
                                                                              x_272
                                                                            ]
                                                                          )
                                                                        )
                                                                      ]
                                                                    )
                                                                  ]
                                                                )
                                                              )
                                                            )
                                                          ]
                                                        )
                                                      )
                                                    )
                                                  )
                                                  [(con integer) (con 64)]
                                                }
                                                Bool_197
                                              }
                                              [(con integer) (con 64)]
                                            }
                                            Bool_197
                                          }
                                          (abs
                                            Q_275
                                            (type)
                                            (lam
                                              choose_276
                                              (fun (fun [(con integer) (con 64)] Bool_197) (fun (fun [(con integer) (con 64)] Bool_197) Q_275))
                                              (lam
                                                odd_277
                                                (fun [(con integer) (con 64)] Bool_197)
                                                (lam
                                                  even_278
                                                  (fun [(con integer) (con 64)] Bool_197)
                                                  [
                                                    [
                                                      choose_276
                                                      (lam
                                                        n_279
                                                        [(con integer) (con 64)]
                                                        [
                                                          [
                                                            [
                                                              {
                                                                [
                                                                  Bool_match_200
                                                                  [
                                                                    [
                                                                      equalsInteger_202
                                                                      n_279
                                                                    ]
                                                                    (con 64 ! 0)
                                                                  ]
                                                                ]
                                                                (fun unit_192 Bool_197)
                                                              }
                                                              (lam
                                                                thunk_280
                                                                unit_192
                                                                False_199
                                                              )
                                                            ]
                                                            (lam
                                                              thunk_281
                                                              unit_192
                                                              [
                                                                even_278
                                                                [
                                                                  [
                                                                    subtractInteger_196
                                                                    n_279
                                                                  ]
                                                                  (con 64 ! 1)
                                                                ]
                                                              ]
                                                            )
                                                          ]
                                                          unit_193
                                                        ]
                                                      )
                                                    ]
                                                    (lam
                                                      n_282
                                                      [(con integer) (con 64)]
                                                      [
                                                        [
                                                          [
                                                            {
                                                              [
                                                                Bool_match_200
                                                                [
                                                                  [
                                                                    equalsInteger_202
                                                                    n_282
                                                                  ]
                                                                  (con 64 ! 0)
                                                                ]
                                                              ]
                                                              (fun unit_192 Bool_197)
                                                            }
                                                            (lam
                                                              thunk_283
                                                              unit_192
                                                              True_198
                                                            )
                                                          ]
                                                          (lam
                                                            thunk_284
                                                            unit_192
                                                            [
                                                              odd_277
                                                              [
                                                                [
                                                                  subtractInteger_196
                                                                  n_282
                                                                ]
                                                                (con 64 ! 1)
                                                              ]
                                                            ]
                                                          )
                                                        ]
                                                        unit_193
                                                      ]
                                                    )
                                                  ]
                                                )
                                              )
                                            )
                                          )
                                        ]
                                      ]
                                    )
                                    (lam
                                      arg_285
                                      [(con integer) (con 64)]
                                      (lam
                                        arg_286
                                        [(con integer) (con 64)]
                                        [
                                          (lam
                                            b_287
                                            (all a_288 (type) (fun a_288 (fun a_288 a_288)))
                                            [
                                              [ { b_287 Bool_197 } True_198 ]
                                              False_199
                                            ]
                                          )
                                          [
                                            [
                                              {
                                                (builtin equalsInteger) (con 64)
                                              }
                                              arg_285
                                            ]
                                            arg_286
                                          ]
                                        ]
                                      )
                                    )
                                  ]
                                )
                              )
                            )
                          )
                          (all out_Bool_289 (type) (fun out_Bool_289 (fun out_Bool_289 out_Bool_289)))
                        }
                        (abs
                          out_Bool_290
                          (type)
                          (lam
                            case_True_291
                            out_Bool_290
                            (lam case_False_292 out_Bool_290 case_True_291)
                          )
                        )
                      ]
                      (abs
                        out_Bool_293
                        (type)
                        (lam
                          case_True_294
                          out_Bool_293
                          (lam case_False_295 out_Bool_293 case_False_295)
                        )
                      )
                    ]
                    (lam
                      x_296
                      (all out_Bool_297 (type) (fun out_Bool_297 (fun out_Bool_297 out_Bool_297)))
                      x_296
                    )
                  ]
                )
                { (builtin subtractInteger) (con 64) }
              ]
            )
          )
        )
        (all out_unit_298 (type) (fun out_unit_298 out_unit_298))
      }
      (abs out_unit_299 (type) (lam case_unit_300 out_unit_299 case_unit_300))
    ]
    (lam x_301 (all out_unit_302 (type) (fun out_unit_302 out_unit_302)) x_301)
  ]
)