(abs
  Bool_matchOut_274
  (type)
  (lam True_275 Bool_matchOut_274 (lam False_276 Bool_matchOut_274 False_276))
)