(program 1.0.0
  [
    [
      {
        (abs
          unit_164
          (type)
          (lam
            unit_165
            unit_164
            (lam
              p_match_166
              (fun unit_164 (all out_unit_167 (type) (fun out_unit_167 out_unit_167)))
              [
                (lam
                  addInteger_168
                  (fun [(con integer) (con 64)] (fun [(con integer) (con 64)] [(con integer) (con 64)]))
                  [
                    (lam
                      subtractInteger_169
                      (fun [(con integer) (con 64)] (fun [(con integer) (con 64)] [(con integer) (con 64)]))
                      [
                        [
                          [
                            {
                              (abs
                                Bool_170
                                (type)
                                (lam
                                  True_171
                                  Bool_170
                                  (lam
                                    False_172
                                    Bool_170
                                    (lam
                                      Bool_match_173
                                      (fun Bool_170 (all out_Bool_174 (type) (fun out_Bool_174 (fun out_Bool_174 out_Bool_174))))
                                      [
                                        (lam
                                          equalsInteger_175
                                          (fun [(con integer) (con 64)] (fun [(con integer) (con 64)] Bool_170))
                                          [
                                            (lam
                                              tuple_176
                                              [(lam t_0_177 (type) (all r_178 (type) (fun (fun t_0_177 r_178) r_178))) (fun [(con integer) (con 64)] [(con integer) (con 64)])]
                                              [
                                                (lam
                                                  fib_179
                                                  (fun [(con integer) (con 64)] [(con integer) (con 64)])
                                                  fib_179
                                                )
                                                [
                                                  {
                                                    (abs
                                                      t_0_180
                                                      (type)
                                                      (lam
                                                        tuple_181
                                                        [(lam t_0_182 (type) (all r_183 (type) (fun (fun t_0_182 r_183) r_183))) t_0_180]
                                                        [
                                                          { tuple_181 t_0_180 }
                                                          (lam
                                                            arg_0_184
                                                            t_0_180
                                                            arg_0_184
                                                          )
                                                        ]
                                                      )
                                                    )
                                                    (fun [(con integer) (con 64)] [(con integer) (con 64)])
                                                  }
                                                  tuple_176
                                                ]
                                              ]
                                            )
                                            [
                                              {
                                                {
                                                  (abs
                                                    a_185
                                                    (type)
                                                    (abs
                                                      b_186
                                                      (type)
                                                      [
                                                        {
                                                          (abs
                                                            F_187
                                                            (fun (type) (type))
                                                            (lam
                                                              by_188
                                                              (fun (all Q_189 (type) (fun [F_187 Q_189] Q_189)) (all Q_190 (type) (fun [F_187 Q_190] Q_190)))
                                                              [
                                                                {
                                                                  {
                                                                    (abs
                                                                      a_191
                                                                      (type)
                                                                      (abs
                                                                        b_192
                                                                        (type)
                                                                        (lam
                                                                          f_193
                                                                          (fun (fun a_191 b_192) (fun a_191 b_192))
                                                                          [
                                                                            {
                                                                              (abs
                                                                                a_194
                                                                                (type)
                                                                                (lam
                                                                                  s_195
                                                                                  [(lam a_196 (type) (fix (lam self_197 (fun (type) (type)) (lam a_198 (type) (fun [self_197 a_198] a_198))) a_196)) a_194]
                                                                                  [
                                                                                    (unwrap
                                                                                      s_195
                                                                                    )
                                                                                    s_195
                                                                                  ]
                                                                                )
                                                                              )
                                                                              (fun a_191 b_192)
                                                                            }
                                                                            (iwrap
                                                                              (lam self_199 (fun (type) (type)) (lam a_200 (type) (fun [self_199 a_200] a_200)))
                                                                              (fun a_191 b_192)
                                                                              (lam
                                                                                s_201
                                                                                [(lam a_202 (type) (fix (lam self_203 (fun (type) (type)) (lam a_204 (type) (fun [self_203 a_204] a_204))) a_202)) (fun a_191 b_192)]
                                                                                (lam
                                                                                  x_205
                                                                                  a_191
                                                                                  [
                                                                                    [
                                                                                      f_193
                                                                                      [
                                                                                        {
                                                                                          (abs
                                                                                            a_206
                                                                                            (type)
                                                                                            (lam
                                                                                              s_207
                                                                                              [(lam a_208 (type) (fix (lam self_209 (fun (type) (type)) (lam a_210 (type) (fun [self_209 a_210] a_210))) a_208)) a_206]
                                                                                              [
                                                                                                (unwrap
                                                                                                  s_207
                                                                                                )
                                                                                                s_207
                                                                                              ]
                                                                                            )
                                                                                          )
                                                                                          (fun a_191 b_192)
                                                                                        }
                                                                                        s_201
                                                                                      ]
                                                                                    ]
                                                                                    x_205
                                                                                  ]
                                                                                )
                                                                              )
                                                                            )
                                                                          ]
                                                                        )
                                                                      )
                                                                    )
                                                                    (all Q_211 (type) (fun [F_187 Q_211] [F_187 Q_211]))
                                                                  }
                                                                  (all Q_212 (type) (fun [F_187 Q_212] Q_212))
                                                                }
                                                                (lam
                                                                  rec_213
                                                                  (fun (all Q_214 (type) (fun [F_187 Q_214] [F_187 Q_214])) (all Q_215 (type) (fun [F_187 Q_215] Q_215)))
                                                                  (lam
                                                                    h_216
                                                                    (all Q_217 (type) (fun [F_187 Q_217] [F_187 Q_217]))
                                                                    (abs
                                                                      R_218
                                                                      (type)
                                                                      (lam
                                                                        fr_219
                                                                        [F_187 R_218]
                                                                        [
                                                                          {
                                                                            [
                                                                              by_188
                                                                              (abs
                                                                                Q_220
                                                                                (type)
                                                                                (lam
                                                                                  fq_221
                                                                                  [F_187 Q_220]
                                                                                  [
                                                                                    {
                                                                                      [
                                                                                        rec_213
                                                                                        h_216
                                                                                      ]
                                                                                      Q_220
                                                                                    }
                                                                                    [
                                                                                      {
                                                                                        h_216
                                                                                        Q_220
                                                                                      }
                                                                                      fq_221
                                                                                    ]
                                                                                  ]
                                                                                )
                                                                              )
                                                                            ]
                                                                            R_218
                                                                          }
                                                                          fr_219
                                                                        ]
                                                                      )
                                                                    )
                                                                  )
                                                                )
                                                              ]
                                                            )
                                                          )
                                                          (lam X_222 (type) (fun (fun a_185 b_186) X_222))
                                                        }
                                                        (lam
                                                          k_223
                                                          (all Q_224 (type) (fun (fun (fun a_185 b_186) Q_224) Q_224))
                                                          (abs
                                                            S_225
                                                            (type)
                                                            (lam
                                                              h_226
                                                              (fun (fun a_185 b_186) S_225)
                                                              [
                                                                h_226
                                                                (lam
                                                                  x_227
                                                                  a_185
                                                                  [
                                                                    {
                                                                      k_223
                                                                      b_186
                                                                    }
                                                                    (lam
                                                                      f_228
                                                                      (fun a_185 b_186)
                                                                      [
                                                                        f_228
                                                                        x_227
                                                                      ]
                                                                    )
                                                                  ]
                                                                )
                                                              ]
                                                            )
                                                          )
                                                        )
                                                      ]
                                                    )
                                                  )
                                                  [(con integer) (con 64)]
                                                }
                                                [(con integer) (con 64)]
                                              }
                                              (abs
                                                Q_229
                                                (type)
                                                (lam
                                                  choose_230
                                                  (fun (fun [(con integer) (con 64)] [(con integer) (con 64)]) Q_229)
                                                  (lam
                                                    fib_231
                                                    (fun [(con integer) (con 64)] [(con integer) (con 64)])
                                                    [
                                                      choose_230
                                                      (lam
                                                        n_232
                                                        [(con integer) (con 64)]
                                                        [
                                                          [
                                                            [
                                                              {
                                                                [
                                                                  Bool_match_173
                                                                  [
                                                                    [
                                                                      equalsInteger_175
                                                                      n_232
                                                                    ]
                                                                    (con 64 ! 0)
                                                                  ]
                                                                ]
                                                                (fun unit_164 [(con integer) (con 64)])
                                                              }
                                                              (lam
                                                                thunk_233
                                                                unit_164
                                                                (con 64 ! 0)
                                                              )
                                                            ]
                                                            (lam
                                                              thunk_234
                                                              unit_164
                                                              [
                                                                [
                                                                  [
                                                                    {
                                                                      [
                                                                        Bool_match_173
                                                                        [
                                                                          [
                                                                            equalsInteger_175
                                                                            n_232
                                                                          ]
                                                                          (con
                                                                            64 ! 1
                                                                          )
                                                                        ]
                                                                      ]
                                                                      (fun unit_164 [(con integer) (con 64)])
                                                                    }
                                                                    (lam
                                                                      thunk_235
                                                                      unit_164
                                                                      (con
                                                                        64 ! 1
                                                                      )
                                                                    )
                                                                  ]
                                                                  (lam
                                                                    thunk_236
                                                                    unit_164
                                                                    [
                                                                      [
                                                                        addInteger_168
                                                                        [
                                                                          fib_231
                                                                          [
                                                                            [
                                                                              subtractInteger_169
                                                                              n_232
                                                                            ]
                                                                            (con
                                                                              64 ! 1
                                                                            )
                                                                          ]
                                                                        ]
                                                                      ]
                                                                      [
                                                                        fib_231
                                                                        [
                                                                          [
                                                                            subtractInteger_169
                                                                            n_232
                                                                          ]
                                                                          (con
                                                                            64 ! 2
                                                                          )
                                                                        ]
                                                                      ]
                                                                    ]
                                                                  )
                                                                ]
                                                                unit_165
                                                              ]
                                                            )
                                                          ]
                                                          unit_165
                                                        ]
                                                      )
                                                    ]
                                                  )
                                                )
                                              )
                                            ]
                                          ]
                                        )
                                        (lam
                                          arg_237
                                          [(con integer) (con 64)]
                                          (lam
                                            arg_238
                                            [(con integer) (con 64)]
                                            [
                                              (lam
                                                b_239
                                                (all a_240 (type) (fun a_240 (fun a_240 a_240)))
                                                [
                                                  [
                                                    { b_239 Bool_170 } True_171
                                                  ]
                                                  False_172
                                                ]
                                              )
                                              [
                                                [
                                                  {
                                                    (builtin equalsInteger)
                                                    (con 64)
                                                  }
                                                  arg_237
                                                ]
                                                arg_238
                                              ]
                                            ]
                                          )
                                        )
                                      ]
                                    )
                                  )
                                )
                              )
                              (all out_Bool_241 (type) (fun out_Bool_241 (fun out_Bool_241 out_Bool_241)))
                            }
                            (abs
                              out_Bool_242
                              (type)
                              (lam
                                case_True_243
                                out_Bool_242
                                (lam case_False_244 out_Bool_242 case_True_243)
                              )
                            )
                          ]
                          (abs
                            out_Bool_245
                            (type)
                            (lam
                              case_True_246
                              out_Bool_245
                              (lam case_False_247 out_Bool_245 case_False_247)
                            )
                          )
                        ]
                        (lam
                          x_248
                          (all out_Bool_249 (type) (fun out_Bool_249 (fun out_Bool_249 out_Bool_249)))
                          x_248
                        )
                      ]
                    )
                    { (builtin subtractInteger) (con 64) }
                  ]
                )
                { (builtin addInteger) (con 64) }
              ]
            )
          )
        )
        (all out_unit_250 (type) (fun out_unit_250 out_unit_250))
      }
      (abs out_unit_251 (type) (lam case_unit_252 out_unit_251 case_unit_252))
    ]
    (lam x_253 (all out_unit_254 (type) (fun out_unit_254 out_unit_254)) x_253)
  ]
)