(program 1.0.0
  [
    [
      [
        {
          (abs
            list_177
            (fun (type) (type))
            (lam
              list_178
              (all a_179 (type) [list_177 a_179])
              (lam
                cons_180
                (all a_181 (type) (fun a_181 (fun [list_177 a_181] [list_177 a_181])))
                (lam
                  p_match_182
                  (all a_183 (type) (fun [list_177 a_183] (all out_list_184 (type) (fun out_list_184 (fun (fun a_183 (fun [list_177 a_183] out_list_184)) out_list_184)))))
                  [
                    (lam
                      addInteger_185
                      (fun [(con integer) (con 64)] (fun [(con integer) (con 64)] [(con integer) (con 64)]))
                      [
                        (lam
                          tuple_186
                          [(lam t_0_187 (type) (all r_188 (type) (fun (fun t_0_187 r_188) r_188))) (fun [list_177 [(con integer) (con 64)]] [(con integer) (con 64)])]
                          [
                            (lam
                              sum_189
                              (fun [list_177 [(con integer) (con 64)]] [(con integer) (con 64)])
                              sum_189
                            )
                            [
                              {
                                (abs
                                  t_0_190
                                  (type)
                                  (lam
                                    tuple_191
                                    [(lam t_0_192 (type) (all r_193 (type) (fun (fun t_0_192 r_193) r_193))) t_0_190]
                                    [
                                      { tuple_191 t_0_190 }
                                      (lam arg_0_194 t_0_190 arg_0_194)
                                    ]
                                  )
                                )
                                (fun [list_177 [(con integer) (con 64)]] [(con integer) (con 64)])
                              }
                              tuple_186
                            ]
                          ]
                        )
                        [
                          {
                            {
                              (abs
                                a_195
                                (type)
                                (abs
                                  b_196
                                  (type)
                                  [
                                    {
                                      (abs
                                        F_197
                                        (fun (type) (type))
                                        (lam
                                          by_198
                                          (fun (all Q_199 (type) (fun [F_197 Q_199] Q_199)) (all Q_200 (type) (fun [F_197 Q_200] Q_200)))
                                          [
                                            {
                                              {
                                                (abs
                                                  a_201
                                                  (type)
                                                  (abs
                                                    b_202
                                                    (type)
                                                    (lam
                                                      f_203
                                                      (fun (fun a_201 b_202) (fun a_201 b_202))
                                                      [
                                                        {
                                                          (abs
                                                            a_204
                                                            (type)
                                                            (lam
                                                              s_205
                                                              [(lam a_206 (type) (fix (lam self_207 (fun (type) (type)) (lam a_208 (type) (fun [self_207 a_208] a_208))) a_206)) a_204]
                                                              [
                                                                (unwrap s_205)
                                                                s_205
                                                              ]
                                                            )
                                                          )
                                                          (fun a_201 b_202)
                                                        }
                                                        (iwrap
                                                          (lam self_209 (fun (type) (type)) (lam a_210 (type) (fun [self_209 a_210] a_210)))
                                                          (fun a_201 b_202)
                                                          (lam
                                                            s_211
                                                            [(lam a_212 (type) (fix (lam self_213 (fun (type) (type)) (lam a_214 (type) (fun [self_213 a_214] a_214))) a_212)) (fun a_201 b_202)]
                                                            (lam
                                                              x_215
                                                              a_201
                                                              [
                                                                [
                                                                  f_203
                                                                  [
                                                                    {
                                                                      (abs
                                                                        a_216
                                                                        (type)
                                                                        (lam
                                                                          s_217
                                                                          [(lam a_218 (type) (fix (lam self_219 (fun (type) (type)) (lam a_220 (type) (fun [self_219 a_220] a_220))) a_218)) a_216]
                                                                          [
                                                                            (unwrap
                                                                              s_217
                                                                            )
                                                                            s_217
                                                                          ]
                                                                        )
                                                                      )
                                                                      (fun a_201 b_202)
                                                                    }
                                                                    s_211
                                                                  ]
                                                                ]
                                                                x_215
                                                              ]
                                                            )
                                                          )
                                                        )
                                                      ]
                                                    )
                                                  )
                                                )
                                                (all Q_221 (type) (fun [F_197 Q_221] [F_197 Q_221]))
                                              }
                                              (all Q_222 (type) (fun [F_197 Q_222] Q_222))
                                            }
                                            (lam
                                              rec_223
                                              (fun (all Q_224 (type) (fun [F_197 Q_224] [F_197 Q_224])) (all Q_225 (type) (fun [F_197 Q_225] Q_225)))
                                              (lam
                                                h_226
                                                (all Q_227 (type) (fun [F_197 Q_227] [F_197 Q_227]))
                                                (abs
                                                  R_228
                                                  (type)
                                                  (lam
                                                    fr_229
                                                    [F_197 R_228]
                                                    [
                                                      {
                                                        [
                                                          by_198
                                                          (abs
                                                            Q_230
                                                            (type)
                                                            (lam
                                                              fq_231
                                                              [F_197 Q_230]
                                                              [
                                                                {
                                                                  [
                                                                    rec_223
                                                                    h_226
                                                                  ]
                                                                  Q_230
                                                                }
                                                                [
                                                                  {
                                                                    h_226 Q_230
                                                                  }
                                                                  fq_231
                                                                ]
                                                              ]
                                                            )
                                                          )
                                                        ]
                                                        R_228
                                                      }
                                                      fr_229
                                                    ]
                                                  )
                                                )
                                              )
                                            )
                                          ]
                                        )
                                      )
                                      (lam X_232 (type) (fun (fun a_195 b_196) X_232))
                                    }
                                    (lam
                                      k_233
                                      (all Q_234 (type) (fun (fun (fun a_195 b_196) Q_234) Q_234))
                                      (abs
                                        S_235
                                        (type)
                                        (lam
                                          h_236
                                          (fun (fun a_195 b_196) S_235)
                                          [
                                            h_236
                                            (lam
                                              x_237
                                              a_195
                                              [
                                                { k_233 b_196 }
                                                (lam
                                                  f_238
                                                  (fun a_195 b_196)
                                                  [ f_238 x_237 ]
                                                )
                                              ]
                                            )
                                          ]
                                        )
                                      )
                                    )
                                  ]
                                )
                              )
                              [list_177 [(con integer) (con 64)]]
                            }
                            [(con integer) (con 64)]
                          }
                          (abs
                            Q_239
                            (type)
                            (lam
                              choose_240
                              (fun (fun [list_177 [(con integer) (con 64)]] [(con integer) (con 64)]) Q_239)
                              (lam
                                sum_241
                                (fun [list_177 [(con integer) (con 64)]] [(con integer) (con 64)])
                                [
                                  choose_240
                                  (lam
                                    ds_242
                                    [list_177 [(con integer) (con 64)]]
                                    [
                                      [
                                        {
                                          [
                                            {
                                              p_match_182
                                              [(con integer) (con 64)]
                                            }
                                            ds_242
                                          ]
                                          [(con integer) (con 64)]
                                        }
                                        (con 64 ! 0)
                                      ]
                                      (lam
                                        x_243
                                        [(con integer) (con 64)]
                                        (lam
                                          xs_244
                                          [list_177 [(con integer) (con 64)]]
                                          [
                                            [ addInteger_185 x_243 ]
                                            [ sum_241 xs_244 ]
                                          ]
                                        )
                                      )
                                    ]
                                  )
                                ]
                              )
                            )
                          )
                        ]
                      ]
                    )
                    { (builtin addInteger) (con 64) }
                  ]
                )
              )
            )
          )
          [[(lam withSpine_245 (fun (fun (fun (fun (type) (type)) (type)) (type)) (fun (type) (type))) (lam pat_246 (fun (fun (type) (type)) (fun (type) (type))) [withSpine_245 (lam spine_247 (fun (fun (type) (type)) (type)) (fix [[(lam withSpine_248 (fun (fun (fun (fun (type) (type)) (type)) (type)) (fun (type) (type))) (lam pat_249 (fun (fun (type) (type)) (fun (type) (type))) (lam b_250 (fun (fun (fun (type) (type)) (type)) (type)) (lam p_251 (fun (fun (type) (type)) (type)) [p_251 [pat_249 [withSpine_248 b_250]]])))) withSpine_245] pat_246] spine_247))])) (lam k_252 (fun (fun (fun (type) (type)) (type)) (type)) (lam a_253 (type) [k_252 (lam r_254 (fun (type) (type)) [r_254 a_253])]))] (lam list_255 (fun (type) (type)) (lam a_256 (type) (all out_list_257 (type) (fun out_list_257 (fun (fun a_256 (fun [list_255 a_256] out_list_257)) out_list_257)))))]
        }
        (abs
          a_258
          (type)
          (iwrap
            [[(lam withSpine_259 (fun (fun (fun (fun (type) (type)) (type)) (type)) (fun (type) (type))) (lam pat_260 (fun (fun (type) (type)) (fun (type) (type))) (lam b_261 (fun (fun (fun (type) (type)) (type)) (type)) (lam p_262 (fun (fun (type) (type)) (type)) [p_262 [pat_260 [withSpine_259 b_261]]])))) (lam k_263 (fun (fun (fun (type) (type)) (type)) (type)) (lam a_264 (type) [k_263 (lam r_265 (fun (type) (type)) [r_265 a_264])]))] (lam list_266 (fun (type) (type)) (lam a_267 (type) (all out_list_268 (type) (fun out_list_268 (fun (fun a_267 (fun [list_266 a_267] out_list_268)) out_list_268)))))]
            (lam r_269 (fun (type) (type)) [r_269 a_258])
            (abs
              out_list_270
              (type)
              (lam
                case_list_271
                out_list_270
                (lam
                  case_cons_272
                  (fun a_258 (fun [[[(lam withSpine_273 (fun (fun (fun (fun (type) (type)) (type)) (type)) (fun (type) (type))) (lam pat_274 (fun (fun (type) (type)) (fun (type) (type))) [withSpine_273 (lam spine_275 (fun (fun (type) (type)) (type)) (fix [[(lam withSpine_276 (fun (fun (fun (fun (type) (type)) (type)) (type)) (fun (type) (type))) (lam pat_277 (fun (fun (type) (type)) (fun (type) (type))) (lam b_278 (fun (fun (fun (type) (type)) (type)) (type)) (lam p_279 (fun (fun (type) (type)) (type)) [p_279 [pat_277 [withSpine_276 b_278]]])))) withSpine_273] pat_274] spine_275))])) (lam k_280 (fun (fun (fun (type) (type)) (type)) (type)) (lam a_281 (type) [k_280 (lam r_282 (fun (type) (type)) [r_282 a_281])]))] (lam list_283 (fun (type) (type)) (lam a_284 (type) (all out_list_285 (type) (fun out_list_285 (fun (fun a_284 (fun [list_283 a_284] out_list_285)) out_list_285)))))] a_258] out_list_270))
                  case_list_271
                )
              )
            )
          )
        )
      ]
      (abs
        a_286
        (type)
        (lam
          arg_0_287
          a_286
          (lam
            arg_1_288
            [[[(lam withSpine_289 (fun (fun (fun (fun (type) (type)) (type)) (type)) (fun (type) (type))) (lam pat_290 (fun (fun (type) (type)) (fun (type) (type))) [withSpine_289 (lam spine_291 (fun (fun (type) (type)) (type)) (fix [[(lam withSpine_292 (fun (fun (fun (fun (type) (type)) (type)) (type)) (fun (type) (type))) (lam pat_293 (fun (fun (type) (type)) (fun (type) (type))) (lam b_294 (fun (fun (fun (type) (type)) (type)) (type)) (lam p_295 (fun (fun (type) (type)) (type)) [p_295 [pat_293 [withSpine_292 b_294]]])))) withSpine_289] pat_290] spine_291))])) (lam k_296 (fun (fun (fun (type) (type)) (type)) (type)) (lam a_297 (type) [k_296 (lam r_298 (fun (type) (type)) [r_298 a_297])]))] (lam list_299 (fun (type) (type)) (lam a_300 (type) (all out_list_301 (type) (fun out_list_301 (fun (fun a_300 (fun [list_299 a_300] out_list_301)) out_list_301)))))] a_286]
            (iwrap
              [[(lam withSpine_302 (fun (fun (fun (fun (type) (type)) (type)) (type)) (fun (type) (type))) (lam pat_303 (fun (fun (type) (type)) (fun (type) (type))) (lam b_304 (fun (fun (fun (type) (type)) (type)) (type)) (lam p_305 (fun (fun (type) (type)) (type)) [p_305 [pat_303 [withSpine_302 b_304]]])))) (lam k_306 (fun (fun (fun (type) (type)) (type)) (type)) (lam a_307 (type) [k_306 (lam r_308 (fun (type) (type)) [r_308 a_307])]))] (lam list_309 (fun (type) (type)) (lam a_310 (type) (all out_list_311 (type) (fun out_list_311 (fun (fun a_310 (fun [list_309 a_310] out_list_311)) out_list_311)))))]
              (lam r_312 (fun (type) (type)) [r_312 a_286])
              (abs
                out_list_313
                (type)
                (lam
                  case_list_314
                  out_list_313
                  (lam
                    case_cons_315
                    (fun a_286 (fun [[[(lam withSpine_316 (fun (fun (fun (fun (type) (type)) (type)) (type)) (fun (type) (type))) (lam pat_317 (fun (fun (type) (type)) (fun (type) (type))) [withSpine_316 (lam spine_318 (fun (fun (type) (type)) (type)) (fix [[(lam withSpine_319 (fun (fun (fun (fun (type) (type)) (type)) (type)) (fun (type) (type))) (lam pat_320 (fun (fun (type) (type)) (fun (type) (type))) (lam b_321 (fun (fun (fun (type) (type)) (type)) (type)) (lam p_322 (fun (fun (type) (type)) (type)) [p_322 [pat_320 [withSpine_319 b_321]]])))) withSpine_316] pat_317] spine_318))])) (lam k_323 (fun (fun (fun (type) (type)) (type)) (type)) (lam a_324 (type) [k_323 (lam r_325 (fun (type) (type)) [r_325 a_324])]))] (lam list_326 (fun (type) (type)) (lam a_327 (type) (all out_list_328 (type) (fun out_list_328 (fun (fun a_327 (fun [list_326 a_327] out_list_328)) out_list_328)))))] a_286] out_list_313))
                    [ [ case_cons_315 arg_0_287 ] arg_1_288 ]
                  )
                )
              )
            )
          )
        )
      )
    ]
    (abs
      a_329
      (type)
      (lam
        x_330
        [[[(lam withSpine_331 (fun (fun (fun (fun (type) (type)) (type)) (type)) (fun (type) (type))) (lam pat_332 (fun (fun (type) (type)) (fun (type) (type))) [withSpine_331 (lam spine_333 (fun (fun (type) (type)) (type)) (fix [[(lam withSpine_334 (fun (fun (fun (fun (type) (type)) (type)) (type)) (fun (type) (type))) (lam pat_335 (fun (fun (type) (type)) (fun (type) (type))) (lam b_336 (fun (fun (fun (type) (type)) (type)) (type)) (lam p_337 (fun (fun (type) (type)) (type)) [p_337 [pat_335 [withSpine_334 b_336]]])))) withSpine_331] pat_332] spine_333))])) (lam k_338 (fun (fun (fun (type) (type)) (type)) (type)) (lam a_339 (type) [k_338 (lam r_340 (fun (type) (type)) [r_340 a_339])]))] (lam list_341 (fun (type) (type)) (lam a_342 (type) (all out_list_343 (type) (fun out_list_343 (fun (fun a_342 (fun [list_341 a_342] out_list_343)) out_list_343)))))] a_329]
        (unwrap x_330)
      )
    )
  ]
)