(abs
  out_Bool_360
  (type)
  (lam
    case_True_361 out_Bool_360 (lam case_False_362 out_Bool_360 case_False_362)
  )
)