(abs
  out_Bool_295
  (type)
  (lam
    case_True_296 out_Bool_295 (lam case_False_297 out_Bool_295 case_True_296)
  )
)