(abs
  out_Bool_183
  (type)
  (lam
    case_True_184 out_Bool_183 (lam case_False_185 out_Bool_183 case_True_184)
  )
)