(abs
  out_Bool_169
  (type)
  (lam
    case_True_170 out_Bool_169 (lam case_False_171 out_Bool_169 case_True_170)
  )
)