(abs
  out_Bool_392
  (type)
  (lam
    case_True_393 out_Bool_392 (lam case_False_394 out_Bool_392 case_False_394)
  )
)