(program 1.0.0
  [
    [
      {
        (abs
          bad_name_86
          (fun (type) (fun (type) (type)))
          (lam
            bad_name_87
            (all a_88 (type) (all b_89 (type) (fun a_88 (fun b_89 [[bad_name_86 a_88] b_89]))))
            (lam
              p_match_90
              (all a_91 (type) (all b_92 (type) (fun [[bad_name_86 a_91] b_92] (all out_bad_name_93 (type) (fun (fun a_91 (fun b_92 out_bad_name_93)) out_bad_name_93)))))
              [
                (lam
                  addInteger_94
                  (fun [(con integer) (con 64)] (fun [(con integer) (con 64)] [(con integer) (con 64)]))
                  (lam
                    t_95
                    [[bad_name_86 [(con integer) (con 64)]] [(con integer) (con 64)]]
                    [
                      (lam
                        wild_96
                        [[bad_name_86 [(con integer) (con 64)]] [(con integer) (con 64)]]
                        [
                          {
                            [
                              {
                                { p_match_90 [(con integer) (con 64)] }
                                [(con integer) (con 64)]
                              }
                              t_95
                            ]
                            [(con integer) (con 64)]
                          }
                          (lam
                            ds_97
                            [(con integer) (con 64)]
                            (lam
                              ds_98
                              [(con integer) (con 64)]
                              [
                                [
                                  addInteger_94 ds_98
                                ]
                                [
                                  (lam
                                    ds_99
                                    [[bad_name_86 [(con integer) (con 64)]] [(con integer) (con 64)]]
                                    [
                                      {
                                        [
                                          {
                                            {
                                              p_match_90
                                              [(con integer) (con 64)]
                                            }
                                            [(con integer) (con 64)]
                                          }
                                          ds_99
                                        ]
                                        [(con integer) (con 64)]
                                      }
                                      (lam
                                        a_100
                                        [(con integer) (con 64)]
                                        (lam
                                          b_101 [(con integer) (con 64)] a_100
                                        )
                                      )
                                    ]
                                  )
                                  wild_96
                                ]
                              ]
                            )
                          )
                        ]
                      )
                      t_95
                    ]
                  )
                )
                { (builtin addInteger) (con 64) }
              ]
            )
          )
        )
        (lam a_102 (type) (lam b_103 (type) (all out_bad_name_104 (type) (fun (fun a_102 (fun b_103 out_bad_name_104)) out_bad_name_104))))
      }
      (abs
        a_105
        (type)
        (abs
          b_106
          (type)
          (lam
            arg_0_107
            a_105
            (lam
              arg_1_108
              b_106
              (abs
                out_bad_name_109
                (type)
                (lam
                  case_bad_name_110
                  (fun a_105 (fun b_106 out_bad_name_109))
                  [ [ case_bad_name_110 arg_0_107 ] arg_1_108 ]
                )
              )
            )
          )
        )
      )
    ]
    (abs
      a_111
      (type)
      (abs
        b_112
        (type)
        (lam
          x_113
          [[(lam a_114 (type) (lam b_115 (type) (all out_bad_name_116 (type) (fun (fun a_114 (fun b_115 out_bad_name_116)) out_bad_name_116)))) a_111] b_112]
          x_113
        )
      )
    )
  ]
)