(program 1.0.0
  [
    [
      [
        {
          (abs
            MyPolyData_84
            (fun (type) (fun (type) (type)))
            (lam
              Poly1_85
              (all a_86 (type) (all b_87 (type) (fun a_86 (fun b_87 [[MyPolyData_84 a_86] b_87]))))
              (lam
                Poly2_88
                (all a_89 (type) (all b_90 (type) (fun a_89 [[MyPolyData_84 a_89] b_90])))
                (lam
                  MyPolyData_match_91
                  (all a_92 (type) (all b_93 (type) (fun [[MyPolyData_84 a_92] b_93] (all out_MyPolyData_94 (type) (fun (fun a_92 (fun b_93 out_MyPolyData_94)) (fun (fun a_92 out_MyPolyData_94) out_MyPolyData_94))))))
                  [
                    [
                      {
                        { Poly1_85 [(con integer) (con 64)] }
                        [(con integer) (con 64)]
                      }
                      (con 64 ! 1)
                    ]
                    (con 64 ! 2)
                  ]
                )
              )
            )
          )
          (lam a_95 (type) (lam b_96 (type) (all out_MyPolyData_97 (type) (fun (fun a_95 (fun b_96 out_MyPolyData_97)) (fun (fun a_95 out_MyPolyData_97) out_MyPolyData_97)))))
        }
        (abs
          a_98
          (type)
          (abs
            b_99
            (type)
            (lam
              arg_0_100
              a_98
              (lam
                arg_1_101
                b_99
                (abs
                  out_MyPolyData_102
                  (type)
                  (lam
                    case_Poly1_103
                    (fun a_98 (fun b_99 out_MyPolyData_102))
                    (lam
                      case_Poly2_104
                      (fun a_98 out_MyPolyData_102)
                      [ [ case_Poly1_103 arg_0_100 ] arg_1_101 ]
                    )
                  )
                )
              )
            )
          )
        )
      ]
      (abs
        a_105
        (type)
        (abs
          b_106
          (type)
          (lam
            arg_0_107
            a_105
            (abs
              out_MyPolyData_108
              (type)
              (lam
                case_Poly1_109
                (fun a_105 (fun b_106 out_MyPolyData_108))
                (lam
                  case_Poly2_110
                  (fun a_105 out_MyPolyData_108)
                  [ case_Poly2_110 arg_0_107 ]
                )
              )
            )
          )
        )
      )
    ]
    (abs
      a_111
      (type)
      (abs
        b_112
        (type)
        (lam
          x_113
          [[(lam a_114 (type) (lam b_115 (type) (all out_MyPolyData_116 (type) (fun (fun a_114 (fun b_115 out_MyPolyData_116)) (fun (fun a_114 out_MyPolyData_116) out_MyPolyData_116))))) a_111] b_112]
          x_113
        )
      )
    )
  ]
)