(program 1.0.0
  [
    [
      [
        {
          (abs
            MyPolyData_85
            (fun (type) (fun (type) (type)))
            (lam
              Poly1_86
              (all a_87 (type) (all b_88 (type) (fun a_87 (fun b_88 [[MyPolyData_85 a_87] b_88]))))
              (lam
                Poly2_89
                (all a_90 (type) (all b_91 (type) (fun a_90 [[MyPolyData_85 a_90] b_91])))
                (lam
                  MyPolyData_match_92
                  (all a_93 (type) (all b_94 (type) (fun [[MyPolyData_85 a_93] b_94] (all out_MyPolyData_95 (type) (fun (fun a_93 (fun b_94 out_MyPolyData_95)) (fun (fun a_93 out_MyPolyData_95) out_MyPolyData_95))))))
                  (lam
                    ds_96
                    [[MyPolyData_85 [(con integer) (con 64)]] [(con integer) (con 64)]]
                    ds_96
                  )
                )
              )
            )
          )
          (lam a_97 (type) (lam b_98 (type) (all out_MyPolyData_99 (type) (fun (fun a_97 (fun b_98 out_MyPolyData_99)) (fun (fun a_97 out_MyPolyData_99) out_MyPolyData_99)))))
        }
        (abs
          a_100
          (type)
          (abs
            b_101
            (type)
            (lam
              arg_0_102
              a_100
              (lam
                arg_1_103
                b_101
                (abs
                  out_MyPolyData_104
                  (type)
                  (lam
                    case_Poly1_105
                    (fun a_100 (fun b_101 out_MyPolyData_104))
                    (lam
                      case_Poly2_106
                      (fun a_100 out_MyPolyData_104)
                      [ [ case_Poly1_105 arg_0_102 ] arg_1_103 ]
                    )
                  )
                )
              )
            )
          )
        )
      ]
      (abs
        a_107
        (type)
        (abs
          b_108
          (type)
          (lam
            arg_0_109
            a_107
            (abs
              out_MyPolyData_110
              (type)
              (lam
                case_Poly1_111
                (fun a_107 (fun b_108 out_MyPolyData_110))
                (lam
                  case_Poly2_112
                  (fun a_107 out_MyPolyData_110)
                  [ case_Poly2_112 arg_0_109 ]
                )
              )
            )
          )
        )
      )
    ]
    (abs
      a_113
      (type)
      (abs
        b_114
        (type)
        (lam
          x_115
          [[(lam a_116 (type) (lam b_117 (type) (all out_MyPolyData_118 (type) (fun (fun a_116 (fun b_117 out_MyPolyData_118)) (fun (fun a_116 out_MyPolyData_118) out_MyPolyData_118))))) a_113] b_114]
          x_115
        )
      )
    )
  ]
)