This must be replaced by the core-to-plc plugin during compilation
CallStack (from HasCallStack):
  error, called at src/Language/Plutus/CoreToPLC/Error.hs:66:18 in core-to-plc-0.1.0.0-9XXg6bRthuWEjpkJmqIxkv:Language.Plutus.CoreToPLC.Error