(abs
  Bool_matchOut_156
  (type)
  (lam True_157 Bool_matchOut_156 (lam False_158 Bool_matchOut_156 True_157))
)