(iwrap
  (lam rec_599 (fun (fun (type) (type)) (type)) (lam spine_600 (fun (type) (type)) [spine_600 [(lam EmptyRose_601 (type) (all out_EmptyRose_602 (type) (fun (fun [List_419 EmptyRose_601] out_EmptyRose_602) out_EmptyRose_602))) [rec_599 (lam dat_603 (type) dat_603)]]]))
  (lam dat_604 (type) dat_604)
  (abs
    out_EmptyRose_605
    (type)
    (lam
      case_EmptyRose_606
      (fun [List_419 (ifix (lam rec_607 (fun (fun (type) (type)) (type)) (lam spine_608 (fun (type) (type)) [spine_608 [(lam EmptyRose_609 (type) (all out_EmptyRose_610 (type) (fun (fun [List_419 EmptyRose_609] out_EmptyRose_610) out_EmptyRose_610))) [rec_607 (lam dat_611 (type) dat_611)]]])) (lam dat_612 (type) dat_612))] out_EmptyRose_605)
      [
        case_EmptyRose_606
        (iwrap
          (lam rec_662 (fun (fun (fun (type) (type)) (type)) (type)) (lam spine_663 (fun (fun (type) (type)) (type)) [spine_663 [(lam List_664 (fun (type) (type)) (lam a_665 (type) (all out_List_666 (type) (fun out_List_666 (fun (fun a_665 (fun [List_664 a_665] out_List_666)) out_List_666))))) (lam a_667 (type) [rec_662 (lam dat_668 (fun (type) (type)) [dat_668 a_667])])]]))
          (lam dat_669 (fun (type) (type)) [dat_669 a_650])
          (abs
            out_List_670
            (type)
            (lam
              case_Nil_671
              out_List_670
              (lam
                case_Cons_672
                (fun a_650 (fun [(lam a_673 (type) (ifix (lam rec_674 (fun (fun (fun (type) (type)) (type)) (type)) (lam spine_675 (fun (fun (type) (type)) (type)) [spine_675 [(lam List_676 (fun (type) (type)) (lam a_677 (type) (all out_List_678 (type) (fun out_List_678 (fun (fun a_677 (fun [List_676 a_677] out_List_678)) out_List_678))))) (lam a_679 (type) [rec_674 (lam dat_680 (fun (type) (type)) [dat_680 a_679])])]])) (lam dat_681 (fun (type) (type)) [dat_681 a_673]))) a_650] out_List_670))
                [
                  [
                    case_Cons_672
                    (iwrap
                      (lam rec_599 (fun (fun (type) (type)) (type)) (lam spine_600 (fun (type) (type)) [spine_600 [(lam EmptyRose_601 (type) (all out_EmptyRose_602 (type) (fun (fun [List_419 EmptyRose_601] out_EmptyRose_602) out_EmptyRose_602))) [rec_599 (lam dat_603 (type) dat_603)]]]))
                      (lam dat_604 (type) dat_604)
                      (abs
                        out_EmptyRose_605
                        (type)
                        (lam
                          case_EmptyRose_606
                          (fun [List_419 (ifix (lam rec_607 (fun (fun (type) (type)) (type)) (lam spine_608 (fun (type) (type)) [spine_608 [(lam EmptyRose_609 (type) (all out_EmptyRose_610 (type) (fun (fun [List_419 EmptyRose_609] out_EmptyRose_610) out_EmptyRose_610))) [rec_607 (lam dat_611 (type) dat_611)]]])) (lam dat_612 (type) dat_612))] out_EmptyRose_605)
                          [
                            case_EmptyRose_606
                            (iwrap
                              (lam rec_630 (fun (fun (fun (type) (type)) (type)) (type)) (lam spine_631 (fun (fun (type) (type)) (type)) [spine_631 [(lam List_632 (fun (type) (type)) (lam a_633 (type) (all out_List_634 (type) (fun out_List_634 (fun (fun a_633 (fun [List_632 a_633] out_List_634)) out_List_634))))) (lam a_635 (type) [rec_630 (lam dat_636 (fun (type) (type)) [dat_636 a_635])])]]))
                              (lam dat_637 (fun (type) (type)) [dat_637 a_629])
                              (abs
                                out_List_638
                                (type)
                                (lam
                                  case_Nil_639
                                  out_List_638
                                  (lam
                                    case_Cons_640
                                    (fun a_629 (fun [(lam a_641 (type) (ifix (lam rec_642 (fun (fun (fun (type) (type)) (type)) (type)) (lam spine_643 (fun (fun (type) (type)) (type)) [spine_643 [(lam List_644 (fun (type) (type)) (lam a_645 (type) (all out_List_646 (type) (fun out_List_646 (fun (fun a_645 (fun [List_644 a_645] out_List_646)) out_List_646))))) (lam a_647 (type) [rec_642 (lam dat_648 (fun (type) (type)) [dat_648 a_647])])]])) (lam dat_649 (fun (type) (type)) [dat_649 a_641]))) a_629] out_List_638))
                                    case_Nil_639
                                  )
                                )
                              )
                            )
                          ]
                        )
                      )
                    )
                  ]
                  (iwrap
                    (lam rec_662 (fun (fun (fun (type) (type)) (type)) (type)) (lam spine_663 (fun (fun (type) (type)) (type)) [spine_663 [(lam List_664 (fun (type) (type)) (lam a_665 (type) (all out_List_666 (type) (fun out_List_666 (fun (fun a_665 (fun [List_664 a_665] out_List_666)) out_List_666))))) (lam a_667 (type) [rec_662 (lam dat_668 (fun (type) (type)) [dat_668 a_667])])]]))
                    (lam dat_669 (fun (type) (type)) [dat_669 a_650])
                    (abs
                      out_List_670
                      (type)
                      (lam
                        case_Nil_671
                        out_List_670
                        (lam
                          case_Cons_672
                          (fun a_650 (fun [(lam a_673 (type) (ifix (lam rec_674 (fun (fun (fun (type) (type)) (type)) (type)) (lam spine_675 (fun (fun (type) (type)) (type)) [spine_675 [(lam List_676 (fun (type) (type)) (lam a_677 (type) (all out_List_678 (type) (fun out_List_678 (fun (fun a_677 (fun [List_676 a_677] out_List_678)) out_List_678))))) (lam a_679 (type) [rec_674 (lam dat_680 (fun (type) (type)) [dat_680 a_679])])]])) (lam dat_681 (fun (type) (type)) [dat_681 a_673]))) a_650] out_List_670))
                          [
                            [
                              case_Cons_672
                              (iwrap
                                (lam rec_599 (fun (fun (type) (type)) (type)) (lam spine_600 (fun (type) (type)) [spine_600 [(lam EmptyRose_601 (type) (all out_EmptyRose_602 (type) (fun (fun [List_419 EmptyRose_601] out_EmptyRose_602) out_EmptyRose_602))) [rec_599 (lam dat_603 (type) dat_603)]]]))
                                (lam dat_604 (type) dat_604)
                                (abs
                                  out_EmptyRose_605
                                  (type)
                                  (lam
                                    case_EmptyRose_606
                                    (fun [List_419 (ifix (lam rec_607 (fun (fun (type) (type)) (type)) (lam spine_608 (fun (type) (type)) [spine_608 [(lam EmptyRose_609 (type) (all out_EmptyRose_610 (type) (fun (fun [List_419 EmptyRose_609] out_EmptyRose_610) out_EmptyRose_610))) [rec_607 (lam dat_611 (type) dat_611)]]])) (lam dat_612 (type) dat_612))] out_EmptyRose_605)
                                    [
                                      case_EmptyRose_606
                                      (iwrap
                                        (lam rec_630 (fun (fun (fun (type) (type)) (type)) (type)) (lam spine_631 (fun (fun (type) (type)) (type)) [spine_631 [(lam List_632 (fun (type) (type)) (lam a_633 (type) (all out_List_634 (type) (fun out_List_634 (fun (fun a_633 (fun [List_632 a_633] out_List_634)) out_List_634))))) (lam a_635 (type) [rec_630 (lam dat_636 (fun (type) (type)) [dat_636 a_635])])]]))
                                        (lam dat_637 (fun (type) (type)) [dat_637 a_629])
                                        (abs
                                          out_List_638
                                          (type)
                                          (lam
                                            case_Nil_639
                                            out_List_638
                                            (lam
                                              case_Cons_640
                                              (fun a_629 (fun [(lam a_641 (type) (ifix (lam rec_642 (fun (fun (fun (type) (type)) (type)) (type)) (lam spine_643 (fun (fun (type) (type)) (type)) [spine_643 [(lam List_644 (fun (type) (type)) (lam a_645 (type) (all out_List_646 (type) (fun out_List_646 (fun (fun a_645 (fun [List_644 a_645] out_List_646)) out_List_646))))) (lam a_647 (type) [rec_642 (lam dat_648 (fun (type) (type)) [dat_648 a_647])])]])) (lam dat_649 (fun (type) (type)) [dat_649 a_641]))) a_629] out_List_638))
                                              case_Nil_639
                                            )
                                          )
                                        )
                                      )
                                    ]
                                  )
                                )
                              )
                            ]
                            (iwrap
                              (lam rec_630 (fun (fun (fun (type) (type)) (type)) (type)) (lam spine_631 (fun (fun (type) (type)) (type)) [spine_631 [(lam List_632 (fun (type) (type)) (lam a_633 (type) (all out_List_634 (type) (fun out_List_634 (fun (fun a_633 (fun [List_632 a_633] out_List_634)) out_List_634))))) (lam a_635 (type) [rec_630 (lam dat_636 (fun (type) (type)) [dat_636 a_635])])]]))
                              (lam dat_637 (fun (type) (type)) [dat_637 a_629])
                              (abs
                                out_List_638
                                (type)
                                (lam
                                  case_Nil_639
                                  out_List_638
                                  (lam
                                    case_Cons_640
                                    (fun a_629 (fun [(lam a_641 (type) (ifix (lam rec_642 (fun (fun (fun (type) (type)) (type)) (type)) (lam spine_643 (fun (fun (type) (type)) (type)) [spine_643 [(lam List_644 (fun (type) (type)) (lam a_645 (type) (all out_List_646 (type) (fun out_List_646 (fun (fun a_645 (fun [List_644 a_645] out_List_646)) out_List_646))))) (lam a_647 (type) [rec_642 (lam dat_648 (fun (type) (type)) [dat_648 a_647])])]])) (lam dat_649 (fun (type) (type)) [dat_649 a_641]))) a_629] out_List_638))
                                    case_Nil_639
                                  )
                                )
                              )
                            )
                          ]
                        )
                      )
                    )
                  )
                ]
              )
            )
          )
        )
      ]
    )
  )
)