(fun (con integer) (all a_30 (type) (fun a_30 a_30)))