(fun (con integer) [Maybe_2 (all a_17 (type) (fun a_17 a_17))])