(program 1.0.0
  (abs
    bool_matchOut_0
    (type)
    (lam false_1 bool_matchOut_0 (lam true_2 bool_matchOut_0 true_2))
  )
)