(program 1.0.0
  (abs
    myEnum_matchOut_0
    (type)
    (lam enum1_1 myEnum_matchOut_0 (lam enum2_2 myEnum_matchOut_0 enum1_1))
  )
)