(program 1.0.0
  (lam
    ds_1
    (all myMonoData_matchOut_0 (type) (fun (fun [(con integer) (con 64)] (fun [(con integer) (con 64)] myMonoData_matchOut_0)) (fun (fun [(con integer) (con 64)] myMonoData_matchOut_0) (fun (fun [(con integer) (con 64)] myMonoData_matchOut_0) myMonoData_matchOut_0))))
    ds_1
  )
)