(program 1.0.0
  (lam
    ds_3
    [[(lam a_0 (type) (lam b_1 (type) (all myPolyData_matchOut_2 (type) (fun (fun a_0 (fun b_1 myPolyData_matchOut_2)) (fun (fun a_0 myPolyData_matchOut_2) myPolyData_matchOut_2))))) [(con integer) (con 64)]] [(con integer) (con 64)]]
    ds_3
  )
)