(abs out_Unit_23 (type) (lam case_Unit_24 out_Unit_23 case_Unit_24))