(let
  (nonrec)
  (datatypebind
    (datatype (tyvardecl Unit (type))  match_Unit (vardecl unit Unit))
  )
  (let
    (nonrec)
    (termbind (vardecl unitval Unit) unit)
    (termbind (vardecl unitval2 Unit) unit)
    (let (nonrec) (termbind (vardecl unitval3 Unit) unitval) unitval3)
  )
)