(let
  (nonrec)
  (termbind (vardecl x (con integer)) (con 1))
  (let
    (rec)
    (termbind (vardecl y (con integer)) (con 2))
    (let (nonrec) (termbind (vardecl z (con integer)) (con 3)) z)
  )
)