Error: Used but not defined in the current conversion: Variable: && must be INLINABLE to be used
Context: Converting expr: &&
Context: Converting expr: && True
Context: Converting expr: && True False
Context: Converting expr at "free"